../Core/Src/main.c:60:20:set_gpio_mode	16	static
../Core/Src/main.c:65:20:set_af	16	static
../Core/Src/main.c:75:20:set_gpio_data	16	static
../Core/Src/main.c:83:20:lcd_cs_active	8	static
../Core/Src/main.c:86:20:lcd_cs_inactive	8	static
../Core/Src/main.c:90:13:delay_approx	24	static,ignoring_inline_asm
../Core/Src/main.c:96:20:init_lcd_gpio	8	static
../Core/Src/main.c:117:20:init_spi	8	static
../Core/Src/main.c:136:13:spi_send	16	static
../Core/Src/main.c:141:13:spi_wait_done	8	static
../Core/Src/main.c:145:13:lcd_send_command	16	static
../Core/Src/main.c:152:13:lcd_send_command_with_args	40	static
../Core/Src/main.c:165:13:init_lcd	16	static
../Core/Src/main.c:197:5:main	24	static
