../Core/Src/main.c:60:20:set_gpio_mode	16	static
../Core/Src/main.c:64:20:set_af	16	static
../Core/Src/main.c:74:20:set_gpio_data	16	static
../Core/Src/main.c:84:20:init_lcd_gpio	8	static
../Core/Src/main.c:99:20:init_spi	8	static
../Core/Src/main.c:120:13:spi_send	16	static
../Core/Src/main.c:128:13:lcd_send_command	16	static
../Core/Src/main.c:136:13:lcd_send_command_with_arg	16	static
../Core/Src/main.c:145:13:lcd_send_data	16	static
../Core/Src/main.c:151:13:init_lcd	16	static
../Core/Src/main.c:190:5:main	16	static
